 relevo › fleet                                                                         ● 1 needs you  ·  codex gated until 15:30  ·  14:02 
6 bindings · 1 needs you · 3 active                                                                        sort attention · refreshed 0s ago
:a                                                                                                                                          
▸ stats  rounds, cost and health                                                                                                            
  ungate  clear a recorded rate limit                                                                                                       
  round api  open api                                                                                                                       
  round atlas  open atlas                                                                                                                   
  ungate codex  clear the rate limit on codex                                                                                               
  ungate codex  clear the rate limit on codex                                                                                               
                                                                                                                                            
                                                                                                                                            
                                                                                                                                            
                                                                                                                                            
                                                                                                                                            
                                                                                                                                            
                                                                                                                                            
                                                                                                                                            
                                                                                                                                            
                                                                                                                                            
                                                                                                                                            
                                                                                                                                            
                                                                                                                                            
                                                                                                                                            
                                                                                                                                            
                                                                                                                                            
                                                                                                                                            
                                                                                                                                            
                                                                                                                                            
                                                                                                                                            
                                                                                                                                            
                                                                                                                                            
                                                                                                                                            
                                                                                                                                            
                                                                                                                                            
                                                                                                                                            
                                                                                                                                            
                                                                                                                                            
                                                                                                                                            
────────────────────────────────────────────────────────────────────────────────────────────────────────────────────────────────────────────
↑↓ move   home/end first/last   enter open   a sort   / filter   : command   ? help   q quit                                                