  ◆ relevo    fleet                                                                                  ● 1 needs you     v0.13.0-28    14:02  
                                                                                                                                            
   5 live   1 needs you   3 working   1 on hold   1 done                                                   sort attention · refreshed 0s ago
                                                                                                                                            
 ╭─ webshop  round 4 · question · 2m ─────────────────────────────────────────────────────────────────────────────────────────────────────╮ 
 │  planner architect-1  ·  -  ·  relevo/webshop  ·  $9.40                                                                                │ 
 │                                                                                                                                        │ 
 │    enter  open round                                                                                                                   │ 
 ╰────────────────────────────────────────────────────────────────────────────────────────────────────────────────────────────────────────╯ 
                                                                                                                                            
     needs you   1    a buil╭─ command ────────────────────────────────────────────────────────────────────────╮                            
 ▍ ●  webshop             r4│ :a                                                                               │                            
        ╰ which branch shoul│                                                                                  │                            
                            │ VIEWS                                                                            │                            
     working   3    a round │ ▸ stats  rounds, cost and health                                                 │                            
   ●  api                 r2│   ungate  clear a recorded rate limit                                            │                            
   ●  atlas               r4│ BINDINGS                                                                         │                            
   ●  worker              r2│   round api  working · r2 · -                                                    │                            
                            │   round atlas  working · r4 · -                                                  │                            
     on hold   1    paused o│ GATES                                                                            │                            
   ◐  ledger              r3│   ungate codex  clear the rate limit on codex                                    │                            
                            │   ungate codex  clear the rate limit on codex                                    │                            
   ✓  1 done  ·  1 today  · │                                              tab complete · enter go · esc close │                            
                            ╰──────────────────────────────────────────────────────────────────────────────────╯                            
                                                                                                                                            
                                                                                                                                            
                                                                                                                                            
                                                                                                                                            
                                                                                                                                            
                                                                                                                                            
                                                                                                                                            
                                                                                                                                            
                                                                                                                                            
                                                                                                                                            
                                                                                                                                            
                                                                                                                                            
                                                                                                                                            
   ◌ gated  codex 1h  ·  the pick skips them                                                                                                

 ↑↓  move      tab  complete      enter  go      esc  close                                                                                 