  ◆ relevo    fleet                                                                                  ● 1 needs you     v0.13.0-28    14:02  
                                                                                                                                            
   5 live   1 needs you   3 working   1 on hold   1 done                                                   sort attention · refreshed 0s ago
                                                                                                                                            
 ╭─ atlas  round 4 · working ─────────────────────────────────────────────────────────────────────────────────────────────────────────────╮ 
 │  planner architect-1  ·  -  ·  relevo/atlas  ·  $0.16                                                                                  │ 
 │                                                                                                                                        │ 
 │    enter  open round       x  stop       g  gate       o  shell                                                                        │ 
 ╰────────────────────────────────────────────────────────────────────────────────────────────────────────────────────────────────────────╯ 
                                                                                                                                            
     needs you   1    a builder is waiting on an answer                                                                                     
   ●  webshop             r4 · question · 2m      -                       architect-1    $9.40                                              
        ╰ which branch should r4 target?                                                                                                    
                                                                                                                                            
     working   3    a round is running                                                                                                      
   ●  api                 r2 · working            -                       architect-1                                                       
 ▍ ●  atlas               r4 · working            -                       architect-1    $0.16                                              
   ●  worker              r2 · working            opencode-1              architect-1                                                       
                                                                                                                                            
     on hold   1    paused or held                                                                                                          
   ◐  ledger              r3 · paused             -                       architect-1   ~$1.63                                              
                                                                                                                                            
   ✓  1 done  ·  1 today  ·  last docs 3h ago       .  show                                                                                 
                                                                                                                                            
                                                                                                                                            
                                                                                                                                            
                                                                                                                                            
                                                                                                                                            
                                                                                                                                            
                                                                                                                                            
                                                                                                                                            
                                                                                                                                            
                                                                                                                                            
                                                                                                                                            
Stop atlas round 4?                                                                                                                         
planner architect-1 is waiting on this round                                                                                                
builder on - · working · $0.16                                                                                                              
y stop · n cancel                                                                                                                           

 enter  open      s  send      x  stop      D  done      g  gate      /  filter      :  command      ?  all keys      q  quit               