 relevo › fleet                                                                                                                       14:02 
0 bindings · 0 need you · 0 active                                                                                            sort attention
status unavailable
loading…                                                                                                                                    
                                                                                                                                            
                                                                                                                                            
                                                                                                                                            
                                                                                                                                            
                                                                                                                                            
                                                                                                                                            
                                                                                                                                            
                                                                                                                                            
                                                                                                                                            
                                                                                                                                            
                                                                                                                                            
                                                                                                                                            
                                                                                                                                            
                                                                                                                                            
                                                                                                                                            
                                                                                                                                            
                                                                                                                                            
                                                                                                                                            
                                                                                                                                            
                                                                                                                                            
                                                                                                                                            
                                                                                                                                            
                                                                                                                                            
                                                                                                                                            
                                                                                                                                            
                                                                                                                                            
                                                                                                                                            
                                                                                                                                            
                                                                                                                                            
                                                                                                                                            
                                                                                                                                            
                                                                                                                                            
                                                                                                                                            
                                                                                                                                            
────────────────────────────────────────────────────────────────────────────────────────────────────────────────────────────────────────────
↑↓ move   home/end first/last   enter open   s sort   : command   ? help   q quit                                ! refresh failed (retrying)