 relevo › fleet             ● 1 needs you  ·  codex gated until 15:30  ·  14:02 
6 bindings · 1 need you · 3 active             sort attention · refreshed 0s ago
▎  webshop         -                       r4    NEEDS YOU   question · 2m      
     └ which branch should r4 target?                                           
   api             -                       r2    ACTIVE      working            
   atlas           -                       r4    ACTIVE      working            
   worker          opencode-1              r2    ACTIVE      working            
   ledger          -                       r3    PAUSED      paused             
   docs            -                       r1    DONE        done · 3h          
                                                                                
                                                                                
                                                                                
                                                                                
                                                                                
                                                                                
                                                                                
                                                                                
                                                                                
                                                                                
                                                                                
                                                                                
                                                                                
                                                                                
                                                                                
                                                                                
                                                                                
                                                                                
                                                                                
────────────────────────────────────────────────────────────────────────────────
↑↓ move   home/end first/last   enter open   s sort   : command   ? help   q qu 