 relevo › fleet                                                                         ● 1 needs you  ·  codex gated until 15:30  ·  14:02 
1 bindings · 1 needs you · 0 active                                                         filter "web" · sort attention · refreshed 0s ago
   NAME            ACTOR         ON                      RND   STATE       NOW                       SPEND     PLANNER         REPO         
▎  webshop         builder       -                       r4    NEEDS YOU   question · 2m             $9.40     architect-1                  
     └ which branch should r4 target?                                                                                                       
                                                                                                                                            
                                                                                                                                            
                                                                                                                                            
                                                                                                                                            
                                                                                                                                            
                                                                                                                                            
                                                                                                                                            
                                                                                                                                            
                                                                                                                                            
                                                                                                                                            
                                                                                                                                            
                                                                                                                                            
                                                                                                                                            
                                                                                                                                            
                                                                                                                                            
                                                                                                                                            
                                                                                                                                            
                                                                                                                                            
                                                                                                                                            
                                                                                                                                            
                                                                                                                                            
                                                                                                                                            
                                                                                                                                            
                                                                                                                                            
                                                                                                                                            
                                                                                                                                            
                                                                                                                                            
                                                                                                                                            
                                                                                                                                            
                                                                                                                                            
                                                                                                                                            
                                                                                                                                            
                                                                                                                                            
────────────────────────────────────────────────────────────────────────────────────────────────────────────────────────────────────────────
↑↓ move   home/end first/last   enter open   s sort   / filter   : command   ? help   q quit                                                