  ◆ relevo    fleet                                                                                  ● 1 needs you     v0.13.0-28    14:02  
   5 live   1 needs you   3 working   1 on hold   1 done                                                   sort attention · refreshed 0s ago
global                                                                                                                                      
:            command                                                                                                                        
/            filter                                                                                                                         
?            help                                                                                                                           
esc          back                                                                                                                           
q            quit / back                                                                                                                    
                                                                                                                                            
view                                                                                                                                        
↑↓           move                                                                                                                           
home/end     first/last                                                                                                                     
enter        open                                                                                                                           
a            sort                                                                                                                           
.            done rows                                                                                                                      
/            filter                                                                                                                         
                                                                                                                                            
                                                                                                                                            
                                                                                                                                            
                                                                                                                                            
                                                                                                                                            
                                                                                                                                            
                                                                                                                                            
                                                                                                                                            
                                                                                                                                            
                                                                                                                                            
                                                                                                                                            
                                                                                                                                            
                                                                                                                                            
                                                                                                                                            
                                                                                                                                            
                                                                                                                                            
                                                                                                                                            
                                                                                                                                            
                                                                                                                                            
                                                                                                                                            
                                                                                                                                            
                                                                                                                                            

 enter  open      /  filter      a  sort      :  command      ?  all keys      q  quit                                                      