 relevo › fleet                                                                         ● 1 needs you  ·  codex gated until 15:30  ·  14:02 
6 bindings · 1 need you · 3 active                                                                         sort attention · refreshed 0s ago
global                                                                                                                                      
:            command                                                                                                                        
/            filter                                                                                                                         
?            help                                                                                                                           
esc          back                                                                                                                           
q            quit / back                                                                                                                    
                                                                                                                                            
view                                                                                                                                        
↑↓           move                                                                                                                           
home/end     first/last                                                                                                                     
enter        open                                                                                                                           
s            sort                                                                                                                           
                                                                                                                                            
                                                                                                                                            
                                                                                                                                            
                                                                                                                                            
                                                                                                                                            
                                                                                                                                            
                                                                                                                                            
                                                                                                                                            
                                                                                                                                            
                                                                                                                                            
                                                                                                                                            
                                                                                                                                            
                                                                                                                                            
                                                                                                                                            
                                                                                                                                            
                                                                                                                                            
                                                                                                                                            
                                                                                                                                            
                                                                                                                                            
                                                                                                                                            
                                                                                                                                            
                                                                                                                                            
                                                                                                                                            
                                                                                                                                            
────────────────────────────────────────────────────────────────────────────────────────────────────────────────────────────────────────────
↑↓ move   home/end first/last   enter open   s sort   : command   ? help   q quit                                                           