 relevo › fleet                                                                          ● 2 need you  ·  codex gated until 15:30  ·  14:02 
7 bindings · 1 needs you · 4 active                                                                        sort attention · refreshed 0s ago
   NAME            ACTOR         ON                      RND   STATE       NOW                       SPEND     PLANNER         REPO         
   webshop         builder       -                       r4    NEEDS YOU   question · 2m             $9.40     architect-1                  
     └ which branch should r4 target?                                                                                                       
▎  inbox           builder       -                       r3    ACTIVE      report ready · 3m                   you                          
   api             builder       -                       r2    ACTIVE      working                             architect-1                  
   atlas           builder       -                       r4    ACTIVE      working                   $0.16     architect-1                  
   worker          builder       opencode-1              r2    ACTIVE      working                             architect-1                  
   ledger          builder       -                       r3    PAUSED      paused                    ~$1.63    architect-1                  
   docs            builder       -                       r1    DONE        done · 3h                           architect-1     /home/x/docs 
                                                                                                                                            
                                                                                                                                            
                                                                                                                                            
                                                                                                                                            
                                                                                                                                            
                                                                                                                                            
                                                                                                                                            
                                                                                                                                            
                                                                                                                                            
                                                                                                                                            
                                                                                                                                            
                                                                                                                                            
                                                                                                                                            
                                                                                                                                            
                                                                                                                                            
                                                                                                                                            
                                                                                                                                            
                                                                                                                                            
                                                                                                                                            
                                                                                                                                            
                                                                                                                                            
                                                                                                                                            
                                                                                                                                            
                                                                                                                                            
                                                                                                                                            
                                                                                                                                            
                                                                                                                                            
────────────────────────────────────────────────────────────────────────────────────────────────────────────────────────────────────────────
↑↓ move   home/end first/last   enter open   a sort   / filter   s send   b bind   x stop   D done   u unbind   : command   ? help   q quit 