  ◆ relevo   fleet › oldapi ›  r3                                                                                      v0.13.0-28    14:02  
oldapi · round 3 of 3 · archived 2026-08-01                                                                                                 
oldapi · round 3 of 3 · archived 2026-08-01                                                                                                 
                                                                                                                                            
                                                                                                                                            
                                                                                                                                            
                                                                                                                                            
 plan    report    terminal    diff    log                                                                                                  
━━━━━━──────────────────────────────────────────────────────────────────────────────────────────────────────────────────────────────────────
plan r3 · 14:02                                                                                                                             
                                                                                                                                            
# Round 3 plan                                                                                                                              
                                                                                                                                            
Do the thing.                                                                                                                               
                                                                                                                                            
                                                                                                                                            
                                                                                                                                            
                                                                                                                                            
                                                                                                                                            
                                                                                                                                            
                                                                                                                                            
                                                                                                                                            
                                                                                                                                            
                                                                                                                                            
                                                                                                                                            
                                                                                                                                            
                                                                                                                                            
                                                                                                                                            
                                                                                                                                            
                                                                                                                                            
                                                                                                                                            
                                                                                                                                            
                                                                                                                                            
                                                                                                                                            
                                                                                                                                            
                                                                                                                                            
                                                                                                                                            
                                                                                                                                            

 tab  next tab      1-5  tab      [ ]  round      ↑↓  scroll      :  command      ?  all keys      esc  back                                