  ◆ relevo    rounds                                                                                                                       v0.13.0-28    14:02  
all rounds                                                                                                                                                      
rounds 3   cost $1.52 (1 unknown)   tokens 3.7M   halted 1 · exited 0   median 19m   bindings 2 · builders 2                                                    
started           binding       rnd  builder                               outcome        commits  tree    gate   tokens   cost     duration                    
2026-09-17 12:02  persist       r5   claude/anthropic/sonnet               reported       +1       clean   pass   1.2M     $0.42    27m                         
2026-09-16 12:02  persist       r4   claude/anthropic/sonnet               halted         +0       dirty   fail   500k     $1.10    12m                         
2026-09-15 12:02  api           r2   agy/antigravity/claude-sonnet-4-6     reported       +3       clean   pass   2.0M     ?        -                           
                                                                                                                                                                
                                                                                                                                                                
                                                                                                                                                                
                                                                                                                                                                
                                                                                                                                                                
                                                                                                                                                                
                                                                                                                                                                
                                                                                                                                                                
                                                                                                                                                                
                                                                                                                                                                
                                                                                                                                                                
                                                                                                                                                                
                                                                                                                                                                
                                                                                                                                                                
                                                                                                                                                                
                                                                                                                                                                
                                                                                                                                                                
                                                                                                                                                                
                                                                                                                                                                
                                                                                                                                                                
                                                                                                                                                                
                                                                                                                                                                
                                                                                                                                                                
                                                                                                                                                                
                                                                                                                                                                
                                                                                                                                                                
                                                                                                                                                                
                                                                                                                                                                
                                                                                                                                                                
                                                                                                                                                                
                                                                                                                                                                

 /  filter      b  regroup      s  sort      S  flip      enter  open      r  refresh      :  command      ?  all keys      q  quit                             