 relay   no bindings                                                                                                                  14:02 

no bindings                       │                                                                                                         
                                  │                                                                                                         
                                  │                                                                                                         
                                  │                                                                                                         
                                  │                                                                                                         
                                  │  report    terminal    diff    log                                                                      
                                  │ ━━━━━━━━────────────────────────────────────────────────────────────────────────────────────────────────
                                  │                                                                                                         
                                  │                                                                                                         
                                  │ loading…                                                                                                
                                  │                                                                                                         
                                  │                                                                                                         
                                  │                                                                                                         
                                  │                                                                                                         
                                  │                                                                                                         
                                  │                                                                                                         
                                  │                                                                                                         
                                  │                                                                                                         
                                  │                                                                                                         
                                  │                                                                                                         
                                  │                                                                                                         
                                  │                                                                                                         
                                  │                                                                                                         
                                  │                                                                                                         
                                  │                                                                                                         
                                  │                                                                                                         
                                  │                                                                                                         
                                  │                                                                                                         
                                  │                                                                                                         
                                  │                                                                                                         
                                  │                                                                                                         
                                  │                                                                                                         
                                  │                                                                                                         
                                  │                                                                                                         
                                  │                                                                                                         
                                  │                                                                                                         
                                  │                                                                                                         
↑↓ move   ⏎ focus pane   tab next pane   1-4 pane   s sort: attention   q quit                                              refreshed 0s ago