 relay                                                                                                                                14:02 

herdr connection refused
cannot reach herdr — see the error│                                                                                                         
                                  │                                                                                                         
                                  │                                                                                                         
                                  │                                                                                                         
                                  │                                                                                                         
                                  │  report    terminal    diff    log                                                                      
                                  │ ━━━━━━━━────────────────────────────────────────────────────────────────────────────────────────────────
                                  │                                                                                                         
                                  │                                                                                                         
                                  │                                                                                                         
                                  │                                                                                                         
                                  │                                                                                                         
                                  │                                                                                                         
                                  │                                                                                                         
                                  │                                                                                                         
                                  │                                                                                                         
                                  │                                                                                                         
                                  │                                                                                                         
                                  │                                                                                                         
                                  │                                                                                                         
                                  │                                                                                                         
                                  │                                                                                                         
                                  │                                                                                                         
                                  │                                                                                                         
                                  │                                                                                                         
                                  │                                                                                                         
                                  │                                                                                                         
                                  │                                                                                                         
                                  │                                                                                                         
                                  │                                                                                                         
                                  │                                                                                                         
                                  │                                                                                                         
                                  │                                                                                                         
                                  │                                                                                                         
                                  │                                                                                                         
                                  │                                                                                                         
↑↓ move   ⏎ focus pane   tab next pane   1-4 pane   s sort: attention   c compact   q quit                       ! refresh failed (retrying)