 relay                                                                                                                                14:02 

herdr connection refused
cannot reach herdr — see the error│                                                                                                         
                                  │                                                                                                         
                                  │                                                                                                         
                                  │                                                                                                         
                                  │                                                                                                         
                                  │  1 report   2 terminal   3 diff   4 log                                                                 
                                  │ ────────────────────────────────────────────────────────────────────────────────────────────────────────
                                  │                                                                                                         
                                  │                                                                                                         
                                  │ loading…                                                                                                
                                  │                                                                                                         
                                  │                                                                                                         
                                  │                                                                                                         
                                  │                                                                                                         
                                  │                                                                                                         
                                  │                                                                                                         
                                  │                                                                                                         
                                  │                                                                                                         
                                  │                                                                                                         
                                  │                                                                                                         
                                  │                                                                                                         
                                  │                                                                                                         
                                  │                                                                                                         
                                  │                                                                                                         
                                  │                                                                                                         
                                  │                                                                                                         
                                  │                                                                                                         
                                  │                                                                                                         
                                  │                                                                                                         
                                  │                                                                                                         
                                  │                                                                                                         
                                  │                                                                                                         
                                  │                                                                                                         
                                  │                                                                                                         
                                  │                                                                                                         
                                  │                                                                                                         
↑↓ move   ⏎ focus pane   tab next pane   1-4 pane   s sort: attention   q quit                                   ! refresh failed (retrying)