 relevo   no bindings                                                                                                                 14:02 

no bindings                       │ no bindings                                                                                             
                                  │                                                                                                         
                                  │   relevo bind                   put a builder on this tree                                              
                                  │   relevo add --name <name>      put a builder on its own worktree                                       
                                  │   relevo config                 list what can be bound                                                  
                                  │                                                                                                         
                                  │                                                                                                         
                                  │                                                                                                         
                                  │                                                                                                         
                                  │                                                                                                         
                                  │                                                                                                         
                                  │                                                                                                         
                                  │                                                                                                         
                                  │                                                                                                         
                                  │                                                                                                         
                                  │                                                                                                         
                                  │                                                                                                         
                                  │                                                                                                         
                                  │                                                                                                         
                                  │                                                                                                         
                                  │                                                                                                         
                                  │                                                                                                         
                                  │                                                                                                         
                                  │                                                                                                         
                                  │                                                                                                         
                                  │                                                                                                         
                                  │                                                                                                         
                                  │                                                                                                         
                                  │                                                                                                         
                                  │                                                                                                         
                                  │                                                                                                         
                                  │                                                                                                         
                                  │                                                                                                         
                                  │                                                                                                         
                                  │                                                                                                         
                                  │                                                                                                         
                                  │                                                                                                         
s sort: attention   c compact   q quit                                                                                      refreshed 0s ago