 relay                                                                                                                                14:02 

herdr connection refused
status unavailable — see the error│                                                                                                         
                                  │                                                                                                         
                                  │                                                                                                         
                                  │                                                                                                         
                                  │                                                                                                         
                                  │  plan    report    terminal    diff    log                                                              
                                  │ ━━━━━━──────────────────────────────────────────────────────────────────────────────────────────────────
                                  │                                                                                                         
                                  │                                                                                                         
                                  │                                                                                                         
                                  │                                                                                                         
                                  │                                                                                                         
                                  │                                                                                                         
                                  │                                                                                                         
                                  │                                                                                                         
                                  │                                                                                                         
                                  │                                                                                                         
                                  │                                                                                                         
                                  │                                                                                                         
                                  │                                                                                                         
                                  │                                                                                                         
                                  │                                                                                                         
                                  │                                                                                                         
                                  │                                                                                                         
                                  │                                                                                                         
                                  │                                                                                                         
                                  │                                                                                                         
                                  │                                                                                                         
                                  │                                                                                                         
                                  │                                                                                                         
                                  │                                                                                                         
                                  │                                                                                                         
                                  │                                                                                                         
                                  │                                                                                                         
                                  │                                                                                                         
                                  │                                                                                                         
↑↓ move   ⏎ focus pane   tab next pane   1-5 pane   s sort: attention   c compact   q quit                       ! refresh failed (retrying)