 relay   5 bindings · 1 needs you · 1 held                                                                codex gated until 15:30  ·  14:02 

 NEEDS YOU  1                     │ webshop  round 4   NEEDS YOU                                                        question r4 · 2m ago
▎  webshop                     r4 │ planner  %1   claude    idle                                                                            
▎  question · 2m                  │ builder  %7   agy       blocked · 2 consults                                                            
▎  dirty · 2 consults · $9.40 · 1 │ tree     relay/webshop · dirty                                                                          
▎  agy · relay/webshop            │ usage    claude-sonnet-5 · 9m · in 100 · cache 15.0M (100%) · write 50k · out 55k · $4.71               
                                  │ spend    3 rounds +2c · $9.40 · 1 unknown                                                               
 HELD  1                          │                                                                                                         
   ledger                      r3 │  report    terminal    diff    log                                                                      
   report r3 · quiet 23s of 1m0s  │ ──────────━━━━━━━━━━────────────────────────────────────────────────────────────────────────────────────
   $1.23 · ~$0.40 · 1 unknown     │ %7 · captured 0s ago · 2 lines                                                                          
   agy · relay/ledger             │                                                                                                         
                                  │ $ go test ./...                                                                                         
 ACTIVE  2                        │ ok      github.com/fuad-daoud/relay/internal/ui    1.2s                                                 
   api                         r2 │                                                                                                         
   working · quiet 23s of 1m0s    │                                                                                                         
   agy · relay/api                │                                                                                                         
   worker                      r2 │                                                                                                         
   working                        │                                                                                                         
   opencode · headless · relay/wor│                                                                                                         
                                  │                                                                                                         
 DONE  1                          │                                                                                                         
   docs                        r1 │                                                                                                         
   done · 3h                      │                                                                                                         
   agy                            │                                                                                                         
                                  │                                                                                                         
                                  │                                                                                                         
                                  │                                                                                                         
                                  │                                                                                                         
                                  │                                                                                                         
                                  │                                                                                                         
                                  │                                                                                                         
                                  │                                                                                                         
                                  │                                                                                                         
                                  │                                                                                                         
                                  │                                                                                                         
                                  │                                                                                                         
                                  │ relay: relay answer --name webshop                                                                      
↑↓ move   ⏎ focus pane   tab next pane   1-4 pane   s sort: attention   c compact   q quit                                  refreshed 0s ago