 relay   no bindings                                                                          14:02 

no bindings                                                                                         
                                                                                                    
  relay bind                   put a builder on this tree                                           
  relay add --name <name>      put a builder on its own worktree                                    
  relay candidates             list what can be bound                                               
                                                                                                    
                                                                                                    
                                                                                                    
                                                                                                    
                                                                                                    
                                                                                                    
                                                                                                    
                                                                                                    
                                                                                                    
                                                                                                    
                                                                                                    
                                                                                                    
                                                                                                    
                                                                                                    
                                                                                                    
                                                                                                    
                                                                                                    
                                                                                                    
                                                                                                    
                                                                                                    
                                                                                                    
                                                                                                    
s sort: attention   c compact   q quit                                              refreshed 0s ago