 relevo   no bindings                                                                         14:02 

no bindings                                                                                         
                                                                                                    
  relevo bind                   put a builder on this tree                                          
  relevo bind --worktree        put a builder on its own worktree                                   
  relevo config                 list what can be bound                                              
                                                                                                    
                                                                                                    
                                                                                                    
                                                                                                    
                                                                                                    
                                                                                                    
                                                                                                    
                                                                                                    
                                                                                                    
                                                                                                    
                                                                                                    
                                                                                                    
                                                                                                    
                                                                                                    
                                                                                                    
                                                                                                    
                                                                                                    
                                                                                                    
                                                                                                    
                                                                                                    
                                                                                                    
                                                                                                    
s sort: attention   c compact   q quit                                              refreshed 0s ago