  ◆ relevo    stats                                                            v0.13.0-28    14:02  
6 rounds · $1.40 + 1 on plan · 2.5M tok · median 27m                                      window 30d
── candidates ──────────────────────────────────────────────────────────────────────────────────────
   NAME                      RNDS  DONE  HALT   MED   TTFT   $/RND                                  
▎  opencode/cline-pass/dee…     5   75%   25%   27m   2.5s   $0.04                                  
   agy/antigravity/claude-…     2  100%    0%    9m      -    plan                                  
unrecorded: 1 rounds                                                                                
── spend ───────────────────────────────────────────────────────────────────────────────────────────
$0.80 ┤         ▇▇                                                                                  
      │         ██                                                                                  
      │██       ██                                                                                  
$0.00 ┼██ ██    ██                                                                                  
  09-16 … 09-19                                                                                     
  this week $1.40 · last week $0.55 · +155%                                                         
── reliability ─────────────────────────────────────────────────────────────────────────────────────
switches 2 in 1 rounds (33%) · rate limits 3 · spawn failures 1                                     
limits by local hour 00 01 02 03 04 05 06 07 08 09 10 11 12 13 14 15 16 17 18 19 20 21 22 23        
    google               .  .  .  .  .  .  .  .  .  2  .  .  .  .  1  .  .  .  .  .  .  .  .  .     
active  gemini-3.8-flash-high rate-limited until Oct 19 12:00                                       
── repos ───────────────────────────────────────────────────────────────────────────────────────────
                                    RNDS    COST  HALT  RNDS/LAND                                   
     github.com/fuad-daoud/relevo      5   $1.30     1        3.0                                   
     (none)                            1   $0.10     0          -                                   
── features ────────────────────────────────────────────────────────────────────────────────────────
                                    RNDS    COST  HALT  RNDS/LAND                                   
     cockpit                           3   $0.90     0        2.0                                   
── outcomes ────────────────────────────────────────────────────────────────────────────────────────
rounds   reported 4 · halted 1 · switched 0 · exited 0 · no report 0 · open 1                       

 w  window      tab  panel      ↑↓  move      :  command      ?  all keys      q  quit              