format 2
base
base_ref
branch
builder.agent_name
builder.kind
builder.last_known
builder.last_shipped
builder.log_path
builder.mode
builder.pane_id
builder.pid
builder.remote_queue.ahead
builder.remote_queue.cap
builder.remote_queue.position
builder.remote_queue.running
builder.remote_queue.since
builder.remote_status
builder.server
builder.session_id
builder.started_at
builder.stream_offset
builder.stream_round
builder.stream_session_id
builder.transcript_locator
builder_candidate
builder_missing_since
builder_screen
builder_screen_at
consult_cap
consults[].ask_path
consults[].endpoint.agent_name
consults[].endpoint.kind
consults[].endpoint.last_known
consults[].endpoint.last_shipped
consults[].endpoint.log_path
consults[].endpoint.mode
consults[].endpoint.pane_id
consults[].endpoint.pid
consults[].endpoint.remote_queue.ahead
consults[].endpoint.remote_queue.cap
consults[].endpoint.remote_queue.position
consults[].endpoint.remote_queue.running
consults[].endpoint.remote_queue.since
consults[].endpoint.remote_status
consults[].endpoint.server
consults[].endpoint.session_id
consults[].endpoint.started_at
consults[].endpoint.stream_offset
consults[].endpoint.stream_round
consults[].endpoint.stream_session_id
consults[].endpoint.transcript_locator
consults[].findings_path
consults[].id
consults[].note
consults[].nudged_at
consults[].role
consults[].round
consults[].spawned_at
consults[].state
created_at
cwd
edges[].added_at
edges[].fired
edges[].fired_at
edges[].id
edges[].mode
edges[].prompt
edges[].result
edges[].round
edges[].target
edges[].then
edges[].when
existing_branch
exploring_since
feature
finish_pending
forked_at_round
forked_from
format
gate
gate_run.attempt
gate_run.command
gate_run.pid
gate_run.round
gate_run.started_at
gate_timeout_ms
halt
halt_at
halt_notified_round
held_grace
landed_at
landed_pr
last_gate_sig
last_verdict.findings
last_verdict.reasons[]
last_verdict.round
last_verdict.verdict
name
owner
planner.agent_name
planner.kind
planner.last_known
planner.last_shipped
planner.log_path
planner.mode
planner.pane_id
planner.pid
planner.remote_queue.ahead
planner.remote_queue.cap
planner.remote_queue.position
planner.remote_queue.running
planner.remote_queue.since
planner.remote_status
planner.server
planner.session_id
planner.started_at
planner.stream_offset
planner.stream_round
planner.stream_session_id
planner.transcript_locator
planner_id
planner_screen
planner_screen_at
progress.output
progress.output_at
progress.sampled_at
progress.tree
progress.tree_at
queued_at
regate
remote_absorb_failures
remote_unreachable_since
repair_count
repo
repo_ref.common_dir
repo_ref.origin_url
role
round
round_baseline_head
round_baseline_tree
round_cap
round_closed_tree
round_cpu
round_excluded[]
round_started_at
round_switches
round_tier
round_timeout_ms
round_verify
serve.acked_round
serve.author_email
serve.author_name
serve.bare_repo
serve.closed_round
serve.dirty_commit
serve.last_seen
serve.repo_id
serve.result_commit
stale_notified_at
stale_since
stalled_since
state
stop_grace_ms
stop_requested_at
tier
updated_at
worktree
