[{"BindingID":"<ID>","BindingName":"hist-alpha","Repo":null,"Feature":null,"Number":1,"StartedAt":"<TIME>","ClosedAt":"<TIME>","Outcome":"reported","BuilderCandidate":null,"BuilderHarness":null,"BuilderProvider":null,"BuilderModel":null,"Commits":2,"Tree":null,"GateResult":null,"CostUSD":null,"CostBasis":null,"InTokens":null,"CacheTokens":null,"WriteTokens":null,"OutTokens":null,"ReportOutcome":"done","BuilderMode":null,"Server":null,"DurationMS":1800000,"Switches":0,"Archived":false,"ArchivedAt":null}]
