relevo stats · 2026-09-01 → 2026-09-24 · 12 rounds in 5 bindings · $0.83 + 2 on plan · 7.3M tok · median 25m

candidates                        RNDS  DONE  HALT   MED   TTFT  $/RND  COMMITS
  deepseek-v4.1-flash                6   83%   17%   35m   2.5s  $0.16      0.8
  gemini-3.8-flash-high *            2  100%    0%   19m      -   plan      1.0
  glm-5.3-flash *                    1     -     -     -   2.4s  $0.03        -
  haiku *                            1     -     -     -      -      -        -
  (* fewer than 5 rounds)         unrecorded: 2 rounds

spend per day (known cost; plan rounds excluded)
   ▃  ▆   █    ▅        ▂▂   09-01 … 09-24
  this week $0.08 · last week $0.15 · -47%

reliability
  switches 4 in 3 rounds (25%) · rate limits 3 · spawn failures 1
  limits by local hour 00 01 02 03 04 05 06 07 08 09 10 11 12 13 14 15 16 17 18 19 20 21 22 23
    google               .  1  1  .  .  .  .  .  .  .  .  .  .  .  .  .  .  .  .  .  .  .  .  .
    openai               .  .  .  .  .  1  .  .  .  .  .  .  .  .  .  .  .  .  .  .  .  .  .  .
  active  gemini-3.8-flash-high rate-limited until Oct 19 22:16

repos                            RNDS    COST  HALT  RNDS/LAND
  github.com/fuad-daoud/relevo      9   $0.83     1        6.0
  (none)                            2   $0.00     0          -
  github.com/fuad-daoud/site        1   $0.00     0          -
features                         RNDS    COST  HALT  RNDS/LAND
  cockpit                           7   $0.83     1        6.0
  stats                             2   $0.00     0          -

outcomes
  rounds   reported 9 · halted 1 · switched 0 · exited 0 · no report 0 · open 2
  reports  done 7 · halted 1 · blocked 0 · deferred 0 · no outcome 1
