 relay · dashboard   (all rounds)   by:none                                                         
rounds 3   cost $1.52 (1 unknown)   tokens 3.7M   halted 1 · exited 0   median 19m   bindings 2 · bu
started           binding       rnd  builder               outcome        tokens   cost     duration
2026-09-20 22:01  persist       r5   claude/anthropic/so…  reported       1.2M     $0.42    27m     
2026-09-19 09:30  persist       r4   claude/anthropic/so…  halted         500k     $1.10    12m     
2026-09-18 08:00  api           r2   agy/antigravity/cla…  reported       2.0M     ?        -       
                                                                                                    
                                                                                                    
                                                                                                    
                                                                                                    
                                                                                                    
                                                                                                    
                                                                                                    
                                                                                                    
                                                                                                    
                                                                                                    
                                                                                                    
                                                                                                    
                                                                                                    
                                                                                                    
                                                                                                    
                                                                                                    
                                                                                                    
                                                                                                    
                                                                                                    
                                                                                                    
                                                                                                    
                                                                                                    
                                                                                                    
                                                                                                    